On File Line 1: Syntax error. Badly formatted request or unknown command specified.